npm verbose cli C:\Program Files\nodejs\node.exe C:\Program Files\nodejs\node_modules\npm\bin\npm-cli.js
npm info using npm@11.17.0
npm info using node@v26.4.0
npm verbose title npm install pdf-lib
npm verbose argv "install" "pdf-lib" "--loglevel" "verbose"
npm verbose logfile logs-max:10 dir:C:\Users\aqkan\AppData\Local\npm-cache\_logs\2026-06-29T04_48_21_608Z-
npm verbose logfile C:\Users\aqkan\AppData\Local\npm-cache\_logs\2026-06-29T04_48_21_608Z-debug-0.log
npm http cache https://registry.npmjs.org/pdf-lib 66ms (cache hit)
npm http fetch POST 200 https://registry.npmjs.org/-/npm/v1/security/advisories/bulk 1672ms
npm http cache https://registry.npmjs.org/node-fetch 16ms (cache hit)
npm http cache https://registry.npmjs.org/nth-check 19ms (cache hit)
npm http cache https://registry.npmjs.org/tar-fs 20ms (cache hit)
npm http cache https://registry.npmjs.org/lodash.pick 22ms (cache hit)
npm http cache https://registry.npmjs.org/ws 22ms (cache hit)
npm http cache https://registry.npmjs.org/cheerio 6ms (cache hit)
npm http cache https://registry.npmjs.org/puppeteer 7ms (cache hit)
npm http cache https://registry.npmjs.org/css-select 22ms (cache hit)
npm http cache https://registry.npmjs.org/inline-css 7ms (cache hit)
npm http cache https://registry.npmjs.org/style-data 8ms (cache hit)
npm http cache https://registry.npmjs.org/list-stylesheets 11ms (cache hit)
npm http cache https://registry.npmjs.org/html-pdf-node 4ms (cache hit)
npm http cache https://registry.npmjs.org/extract-css 5ms (cache hit)

up to date, audited 244 packages in 3s

41 packages are looking for funding
  run `npm fund` for details

13 high severity vulnerabilities

To address issues that do not require attention, run:
  npm audit fix

To address all issues (including breaking changes), run:
  npm audit fix --force

Run `npm audit` for details.
npm warn allow-scripts 2 packages have install scripts not yet covered by allowScripts:
npm warn allow-scripts   core-js@3.49.0 (postinstall: node -e "try{require('./postinstall')}catch(e){}")
npm warn allow-scripts   puppeteer@10.4.0 (install: node install.js)
npm warn allow-scripts
npm warn allow-scripts Run `npm approve-scripts --allow-scripts-pending` to review, or `npm approve-scripts <pkg>` to allow.
npm verbose cwd C:\Users\aqkan\OneDrive\Desktop\teacher-toolkit
npm verbose os Windows_NT 10.0.26200
npm verbose node v26.4.0
npm verbose npm  v11.17.0
npm verbose exit 0
npm info ok
